> ssh ${AUTHD_PAM_SSH_USER}@localhost ${AUTHD_PAM_SSH_ARGS}
== Provider selection ==
  1. local
  2. ExampleBroker
(user-integration-pre-check-ssh-authenticate-user-locks-and-unlocks-it-with-shared-sshd@localhost) Choose your provider:
>
────────────────────────────────────────────────────────────────────────────────
> ssh ${AUTHD_PAM_SSH_USER}@localhost ${AUTHD_PAM_SSH_ARGS}
== Provider selection ==
  1. local
  2. ExampleBroker
(user-integration-pre-check-ssh-authenticate-user-locks-and-unlocks-it-with-shared-sshd@localhost) Choose your provider:
> 2
────────────────────────────────────────────────────────────────────────────────
> ssh ${AUTHD_PAM_SSH_USER}@localhost ${AUTHD_PAM_SSH_ARGS}
== Provider selection ==
  1. local
  2. ExampleBroker
(user-integration-pre-check-ssh-authenticate-user-locks-and-unlocks-it-with-shared-sshd@localhost) Choose your provider:
> 2
== Password authentication ==
Enter 'r' to cancel the request and go back to select the authentication method
(user-integration-pre-check-ssh-authenticate-user-locks-and-unlocks-it-with-shared-sshd@localhost) Gimme your password:
>
────────────────────────────────────────────────────────────────────────────────
> ssh ${AUTHD_PAM_SSH_USER}@localhost ${AUTHD_PAM_SSH_ARGS}
== Provider selection ==
  1. local
  2. ExampleBroker
(user-integration-pre-check-ssh-authenticate-user-locks-and-unlocks-it-with-shared-sshd@localhost) Choose your provider:
> 2
== Password authentication ==
Enter 'r' to cancel the request and go back to select the authentication method
(user-integration-pre-check-ssh-authenticate-user-locks-and-unlocks-it-with-shared-sshd@localhost) Gimme your password:
>
PAM Authenticate() finished for user 'user-integration-pre-check-ssh-authenticate-user-locks-and-unlocks-it-with-shared-sshd'
PAM AcctMgmt() finished for user 'user-integration-pre-check-ssh-authenticate-user-locks-and-unlocks-it-with-shared-sshd'
 SSHD: Connected to ssh via authd module! [TestSSHAuthenticate]
  HOME=${AUTHD_TEST_HOME}
  LOGNAME=user-integration-pre-check-ssh-authenticate-user-locks-and-unlocks-it-with-shared-sshd
  PATH=${AUTHD_TEST_PATH}
  PWD=${AUTHD_TEST_PWD}
  SHELL=/bin/sh
  SSH_CLIENT=${AUTHD_TEST_SSH_CLIENT}
  SSH_CONNECTION=${AUTHD_TEST_SSH_CONNECTION}
  SSH_TTY=${AUTHD_TEST_SSH_TTY}
  TERM=xterm-256color
  USER=user-integration-pre-check-ssh-authenticate-user-locks-and-unlocks-it-with-shared-sshd
Connection to localhost closed.
>
────────────────────────────────────────────────────────────────────────────────
>
────────────────────────────────────────────────────────────────────────────────
> ${AUTHCTL_PATH} user lock ${AUTHD_PAM_SSH_USER}
>
────────────────────────────────────────────────────────────────────────────────
>
────────────────────────────────────────────────────────────────────────────────
> ssh ${AUTHD_PAM_SSH_USER}@localhost ${AUTHD_PAM_SSH_ARGS}
== Password authentication ==
Enter 'r' to cancel the request and go back to select the authentication method
(user-integration-pre-check-ssh-authenticate-user-locks-and-unlocks-it-with-shared-sshd@localhost) Gimme your password:
>
────────────────────────────────────────────────────────────────────────────────
> ssh ${AUTHD_PAM_SSH_USER}@localhost ${AUTHD_PAM_SSH_ARGS}
== Password authentication ==
Enter 'r' to cancel the request and go back to select the authentication method
(user-integration-pre-check-ssh-authenticate-user-locks-and-unlocks-it-with-shared-sshd@localhost) Gimme your password:
>
permission denied: user user-integration-pre-check-ssh-authenticate-user-locks-and-unlocks-it-with-shared-sshd is locked
Received disconnect from ${SSH_HOST} port ${SSH_PORT} Too many authentication failures
Disconnected from ${SSH_HOST} port ${SSH_PORT}
>
────────────────────────────────────────────────────────────────────────────────
>
────────────────────────────────────────────────────────────────────────────────
> ${AUTHCTL_PATH} user lock ${AUTHD_PAM_SSH_USER}
>
────────────────────────────────────────────────────────────────────────────────
>
────────────────────────────────────────────────────────────────────────────────
> ${AUTHCTL_PATH} user unlock ${AUTHD_PAM_SSH_USER}
>
────────────────────────────────────────────────────────────────────────────────
> ${AUTHCTL_PATH} user unlock ${AUTHD_PAM_SSH_USER}
> ssh ${AUTHD_PAM_SSH_USER}@localhost ${AUTHD_PAM_SSH_ARGS}
== Password authentication ==
Enter 'r' to cancel the request and go back to select the authentication method
(user-integration-pre-check-ssh-authenticate-user-locks-and-unlocks-it-with-shared-sshd@localhost) Gimme your password:
>
────────────────────────────────────────────────────────────────────────────────
> ${AUTHCTL_PATH} user unlock ${AUTHD_PAM_SSH_USER}
> ssh ${AUTHD_PAM_SSH_USER}@localhost ${AUTHD_PAM_SSH_ARGS}
== Password authentication ==
Enter 'r' to cancel the request and go back to select the authentication method
(user-integration-pre-check-ssh-authenticate-user-locks-and-unlocks-it-with-shared-sshd@localhost) Gimme your password:
>
PAM Authenticate() finished for user 'user-integration-pre-check-ssh-authenticate-user-locks-and-unlocks-it-with-shared-sshd'
PAM AcctMgmt() finished for user 'user-integration-pre-check-ssh-authenticate-user-locks-and-unlocks-it-with-shared-sshd'
 SSHD: Connected to ssh via authd module! [TestSSHAuthenticate]
  HOME=${AUTHD_TEST_HOME}
  LOGNAME=user-integration-pre-check-ssh-authenticate-user-locks-and-unlocks-it-with-shared-sshd
  PATH=${AUTHD_TEST_PATH}
  PWD=${AUTHD_TEST_PWD}
  SHELL=/bin/sh
  SSH_CLIENT=${AUTHD_TEST_SSH_CLIENT}
  SSH_CONNECTION=${AUTHD_TEST_SSH_CONNECTION}
  SSH_TTY=${AUTHD_TEST_SSH_TTY}
  TERM=xterm-256color
  USER=user-integration-pre-check-ssh-authenticate-user-locks-and-unlocks-it-with-shared-sshd
Connection to localhost closed.
>
────────────────────────────────────────────────────────────────────────────────
